================================================================================
PRUEBA DE BALANCEO ANUAL - 2026
================================================================================

1. Reseteando base de datos...
   DB reseteada correctamente


================================================================================
GENERANDO ENERO 2026
================================================================================
Guardias generadas para 1/2026: 31 dÝas

=== Acumulados calculados para 1/2026 ===
Persona                   Guardias   Promedio   Diferencia   Nuevo Acum
----------------------------------------------------------------------
P.ramirez                 3          2.6        0            0.00      
A.Fortunato               3          2.6        0            0.00      
E.Campillay               3          2.6        0            0.00      
I.Rivas                   3          2.6        0            0.00      
V.Rojas                   3          2.6        0            0.00      
G.San Martin              3          2.6        0            0.00      
L.Henriquez               3          2.6        0            0.00      
M.Havliczek               2          2.6        1            1.00      
L.Zamorano                2          2.6        1            1.00      
M.Rojas                   2          2.6        1            1.00      
A.Terraza                 2          2.6        1            1.00      
A.Rios                    2          2.6        1            1.00      
======================================================================

=== Balanceo Anual de Guardias 1/2026 ===
Persona                   Mes Ant.   Este Mes   Acum Normalizado  
---------------------------------------------------------------------------
P.ramirez                 0          3          0.00              
A.Fortunato               0          3          0.00              
E.Campillay               0          3          0.00              
I.Rivas                   0          3          0.00              
V.Rojas                   0          3          0.00              
G.San Martin              0          3          0.00              
L.Henriquez               0          3          0.00              
M.Havliczek               0          2          1.00              
L.Zamorano                0          2          1.00              
M.Rojas                   0          2          1.00              
A.Terraza                 0          2          1.00              
A.Rios                    0          2          1.00              

Promedio guardias/mes: 2.6
Mßximo: 3, MÝnimo: 2
Diferencia mßx-mÝn: 1 guardias

=== Anßlisis de Balanceo ===
Rango de acumulados normalizados: 0.00 a 1.00
python : Traceback (most recent call last):
En línea: 1 Carácter: 34
+ ... vos\guardias ; python test_balanceo.py > test_output.txt 2>&1 ; pytho ...
+                    ~~~~~~~~~~~~~~~~~~~~~~~~~~~~~~~~~~~~~~~~~~~~~~
    + CategoryInfo          : NotSpecified: (Traceback (most recent call last) 
   ::String) [], RemoteException
    + FullyQualifiedErrorId : NativeCommandError
 
  File "C:\ProyectosNuevos\guardias\test_balanceo.py", line 36, in <module>
    generar_guardias_mes(mes, 2026)
    ~~~~~~~~~~~~~~~~~~~~^^^^^^^^^^^
  File "C:\ProyectosNuevos\guardias\services\guardias_service.py", line 201, 
in generar_guardias_mes
    _imprimir_balanceo_anual(personas, guardias_mes_dict, 
guardias_mes_anterior_dict, acumulado_dict, mes, anio)
    ~~~~~~~~~~~~~~~~~~~~~~~~^^^^^^^^^^^^^^^^^^^^^^^^^^^^^^^^^^^^^^^^^^^^^^^^^^^
^^^^^^^^^^^^^^^^^^^^^^^^^^^^^^^^^
  File "C:\ProyectosNuevos\guardias\services\guardias_service.py", line 251, 
in _imprimir_balanceo_anual
    print("\u2713 Balanceo anual: EXCELENTE (acumulados en rango [-1, 1])")
    ~~~~~^^^^^^^^^^^^^^^^^^^^^^^^^^^^^^^^^^^^^^^^^^^^^^^^^^^^^^^^^^^^^
  File "C:\Users\166649307\AppData\Local\Programs\Python\Python313\Lib\encoding
s\cp1252.py", line 19, in encode
    return codecs.charmap_encode(input,self.errors,encoding_table)[0]
           ~~~~~~~~~~~~~~~~~~~~~^^^^^^^^^^^^^^^^^^^^^^^^^^^^^^^^^^
UnicodeEncodeError: 'charmap' codec can't encode character '\u2713' in 
position 0: character maps to <undefined>
